../drivers/src/stm32f407xx_spi.c:8:6:SPI_CLK_EN	16	static
../drivers/src/stm32f407xx_spi.c:46:6:SPI_ssi_en	16	static
../drivers/src/stm32f407xx_spi.c:58:6:SPI_init	24	static
../drivers/src/stm32f407xx_spi.c:113:6:SPI_deinit	16	static
../drivers/src/stm32f407xx_spi.c:122:9:get_SPIstatusflag	16	static
../drivers/src/stm32f407xx_spi.c:129:6:SPI_txData	24	static
../drivers/src/stm32f407xx_spi.c:153:6:SPI_rxData	24	static
../drivers/src/stm32f407xx_spi.c:182:9:SPI_txData_IT	32	static
../drivers/src/stm32f407xx_spi.c:201:9:SPI_rxData_IT	32	static
../drivers/src/stm32f407xx_spi.c:221:6:SPI_IRQHadling	24	static
../drivers/src/stm32f407xx_spi.c:261:6:SPI_IRQConfig	24	static
../drivers/src/stm32f407xx_spi.c:279:6:SPI_IRQPriority	24	static
../drivers/src/stm32f407xx_spi.c:296:13:SPI_tx_handle	16	static
../drivers/src/stm32f407xx_spi.c:324:13:SPI_rx_handle	16	static
../drivers/src/stm32f407xx_spi.c:349:13:SPI_err_handle	16	static
../drivers/src/stm32f407xx_spi.c:365:28:SPI_ErrEvent	16	static
../drivers/src/stm32f407xx_spi.c:371:6:SPI_clr_ovrflag	24	static
../drivers/src/stm32f407xx_spi.c:378:6:SPI_close_tx	16	static
../drivers/src/stm32f407xx_spi.c:386:6:SPI_close_rx	16	static
